Before starting your tweak session, read the methodology instructions at: /skills/tweak-session/SKILL.md

Read the file completely, then use it for this interactive session.

# Tweak Session Context

**Feature**: Color tweak
**Plan**: /state/feat-x/run-1/roadmap/plan.md
**PR**: https://github.com/x/y/pull/123
