## Feature Under Review

**Name**: OAuth login

**Description**:
> Sign in with Google.

## Mockup Bundle

Read the mockup manifest and every referenced prototype and rendered state at: /state/feat-x/run-1/design/mockups/manifest.yaml

## Design to Evaluate


Read the plan at: /state/feat-x/run-1/design/design.md
